---
layout:       post
title:        "MySQLæŠ¥é”™ERROR 1449 (HY000): The user specified as a definer ('mysql.infoschema'@'localhost') does not existè§£å†³"
subtitle:     "null"
date:         2020-12-30 14:23:45
author:       "NeptLiang"
header-img:   "img/home-bg.jpg"
header-mask:  0.3
catalog:      true
multilingual: false
tags:
    - MySQL
---


# 0x00 èƒŒæ™¯

ä¹‹å‰æŒ‰ç…§ç½‘ä¸Šçš„æ—§æ–¹æ³•æ”¹MySQLå¯†ç ï¼Œç»“æœæ”¹å®Œç™»å½•ä¸ä¸ŠMySQLï¼ŒæŠ˜è…¾å¥½ä¹…æ‰è§£å†³[ï¼ˆneptliang.github.io/2020/07/12/MySQL-Access-Denied/ï¼‰](https://neptliang.github.io/2020/07/12/MySQL-Access-Denied/)ï¼Œä½†æ˜¯ç™»å½•ä¸Šåå‘ç°**æ²¡æ³•æŸ¥æ•°æ®åº“è¡¨å­—æ®µä¿¡æ¯**ï¼Œå¿…åº”äº†å¥½ä¹…éƒ½æ²¡ä¿®å¥½ã€‚

åæ¥çœ‹åˆ°[@xiaoer wangåœ¨StackOverflowçš„é—®é¢˜ã€ŠERROR 1449 (HY000): The user specified as a definer ('mysql.infoschema'@'localhost') does not existã€‹ä¸‹çš„å›ç­”ï¼ˆstackoverflow.com/a/65574847/10838083ï¼‰](https://stackoverflow.com/a/65574847/10838083)å¾—çŸ¥ï¼Œå…¶å®**åˆ é™¤ç”¨æˆ·`mysql.infoschema`ç„¶åé‡æ–°åˆ›å»º**å°±è¡Œï¼Œä¹‹å‰æ€•å‡ºäº‹æ²¡æ•¢å°è¯•ã€‚åœ¨æ­¤è®°å½•ä¸€ä¸‹

æŸ¥æ•°æ®åº“è¡¨å­—æ®µä¿¡æ¯æŠ¥é”™ï¼š

```sql
mysql> flush privileges;
Query OK, 0 rows affected (0.08 sec)

mysql> show databases;
ERROR 1449 (HY000): The user specified as a definer ('mysql.infoschema'@'localhost') does not exist

mysql> select distinct table_name from information_schema.tables where table_schema='mysql' limit 0,5;
ERROR 1449 (HY000): The user specified as a definer ('mysql.infoschema'@'localhost') does not exist
```

ç”¨æˆ·æ˜æ˜å­˜åœ¨ï¼Œ`host`ä¹Ÿå¯¹å¾—ä¸Š

```sql
mysql> select user,host from mysql.user where user='mysql.infoschema';
+------------------+-----------+
| user             | host      |
+------------------+-----------+
| mysql.infoschema | localhost |
+------------------+-----------+
1 row in set (0.00 sec)
```

æˆæƒä¹Ÿä¸å½³äºï¼Œåˆ›å»ºä¹Ÿä¸è¡Œ

```sql
mysql> GRANT SELECT ON *.* TO `mysql.infoschema`@`localhost` ;
ERROR 1410 (42000): You are not allowed to create a user with GRANT

mysql> grant all on *.* to 'mysql.infoschema'@'localhost';
ERROR 1410 (42000): You are not allowed to create a user with GRANT

mysql> create user 'mysql.infoschema'@'localhost';
ERROR 1396 (HY000): Operation CREATE USER failed for 'mysql.infoschema'@'localhost'
```

`mysql.user`è¡¨é‡Œçš„`root`ç”¨æˆ·çš„æˆæƒå’Œåˆ›å»ºç”¨æˆ·æƒé™æ˜æ˜ğŸˆšå¼‚å¸¸

```sql
mysql> select Grant_priv, user from mysql.user;
+------------+------------------+
| Grant_priv | user             |
+------------+------------------+
| N          | mysql.infoschema |
| N          | mysql.session    |
| N          | mysql.sys        |
| Y          | root             |
+------------+------------------+
5 rows in set (0.00 sec)

mysql> select Create_user_priv, user from mysql.user;
+------------------+------------------+
| Create_user_priv | user             |
+------------------+------------------+
| N                | mysql.infoschema |
| N                | mysql.session    |
| N                | mysql.sys        |
| Y                | root             |
+------------------+------------------+
5 rows in set (0.00 sec)
```

`mysql.infoschema`ä¹ŸğŸˆ¶æŸ¥è¯¢æƒé™

```sql
mysql> select host, user, select_priv, insert_priv, update_priv, delete_priv, create_priv, drop_priv, grant_priv from mysql.user;
+-----------+------------------+-------------+-------------+-------------+-------------+-------------+-----------+------------+
| host      | user             | select_priv | insert_priv | update_priv | delete_priv | create_priv | drop_priv | grant_priv |
+-----------+------------------+-------------+-------------+-------------+-------------+-------------+-----------+------------+
| localhost | mysql.infoschema | Y           | N           | N           | N           | N           | N         | N          |
| localhost | mysql.session    | N           | N           | N           | N           | N           | N         | N          |
| localhost | mysql.sys        | N           | N           | N           | N           | N           | N         | N          |
| localhost | root             | Y           | Y           | Y           | Y           | Y           | Y         | Y          |
+-----------+------------------+-------------+-------------+-------------+-------------+-------------+-----------+------------+
5 rows in set (0.00 sec)
```

ä½†æ˜¯`show grants`æœ‰ä¸¶ä¸å¯¹åŠ²

```sql
mysql> show grants;
+--------------------------------------------------------------------------------------------------------------------------------------------------------------------------------------------------------------------------------------------------------------------------------------------------------------------------------------------------------------------------------------------------------------------------------------------------------------------------------------------------------------------------------------------------------+
| Grants for root@localhost                                                                                                                                                                                                                                                                                                                                                                                                                                                                                                                              |
+--------------------------------------------------------------------------------------------------------------------------------------------------------------------------------------------------------------------------------------------------------------------------------------------------------------------------------------------------------------------------------------------------------------------------------------------------------------------------------------------------------------------------------------------------------+
| GRANT SELECT, INSERT, UPDATE, DELETE, CREATE, DROP, RELOAD, SHUTDOWN, PROCESS, FILE, REFERENCES, INDEX, ALTER, SHOW DATABASES, SUPER, CREATE TEMPORARY TABLES, LOCK TABLES, EXECUTE, REPLICATION SLAVE, REPLICATION CLIENT, CREATE VIEW, SHOW VIEW, CREATE ROUTINE, ALTER ROUTINE, CREATE USER, EVENT, TRIGGER, CREATE TABLESPACE, CREATE ROLE, DROP ROLE ON *.* TO `root`@`localhost` WITH GRANT OPTION                                                                                                                                               |
| GRANT APPLICATION_PASSWORD_ADMIN,AUDIT_ADMIN,BACKUP_ADMIN,BINLOG_ADMIN,BINLOG_ENCRYPTION_ADMIN,CLONE_ADMIN,CONNECTION_ADMIN,ENCRYPTION_KEY_ADMIN,GROUP_REPLICATION_ADMIN,INNODB_REDO_LOG_ARCHIVE,INNODB_REDO_LOG_ENABLE,PERSIST_RO_VARIABLES_ADMIN,REPLICATION_APPLIER,REPLICATION_SLAVE_ADMIN,RESOURCE_GROUP_ADMIN,RESOURCE_GROUP_USER,ROLE_ADMIN,SERVICE_CONNECTION_ADMIN,SESSION_VARIABLES_ADMIN,SET_USER_ID,SHOW_ROUTINE,SYSTEM_USER,SYSTEM_VARIABLES_ADMIN,TABLE_ENCRYPTION_ADMIN,XA_RECOVER_ADMIN ON *.* TO `root`@`localhost` WITH GRANT OPTION |
| GRANT PROXY ON ''@'' TO 'root'@'localhost' WITH GRANT OPTION                                                                                                                                                                                                                                                                                                                                                                                                                                                                                           |
+--------------------------------------------------------------------------------------------------------------------------------------------------------------------------------------------------------------------------------------------------------------------------------------------------------------------------------------------------------------------------------------------------------------------------------------------------------------------------------------------------------------------------------------------------------+
3 rows in set (0.00 sec)

mysql> show grants for 'mysql.infoschema'@'localhost';
ERROR 1141 (42000): There is no such grant defined for user 'mysql.infoschema' on host 'localhost'
```

å¯è§è¿˜æ˜¯`mysql.infoschema`çš„æƒé™æ²¡äº†

ä»¥ä¸‹æ˜¯è§£å†³è¿‡ç¨‹

# 0x01 åˆ é™¤ç”¨æˆ·`mysql.infoschema`

```sql
mysql> drop user 'mysql.infoschema'@'localhost';
Query OK, 0 rows affected (0.03 sec)

mysql> select user,host from mysql.user;
+---------------+-----------+
| user          | host      |
+---------------+-----------+
| mysql.session | localhost |
| mysql.sys     | localhost |
| root          | localhost |
+---------------+-----------+
4 rows in set (0.00 sec)
```

# 0x02 é‡å»ºç”¨æˆ·`mysql.infoschema`

```sql
mysql> create user 'mysql.infoschema'@'localhost';
Query OK, 0 rows affected (0.02 sec)
```

# 0x03 æˆæƒ

è¿™ä¸‹å°±å¯ä»¥æˆæƒäº†

```sql
mysql> GRANT SELECT ON *.* TO `mysql.infoschema`@`localhost` ;
Query OK, 0 rows affected (0.01 sec)

mysql> flush privileges;
Query OK, 0 rows affected (0.01 sec)
```

å°±å®Œäº‹äº†

```sql
mysql> select distinct table_schema from information_schema.tables;
+--------------------+
| TABLE_SCHEMA       |
+--------------------+
| information_schema |
| mysql              |
| performance_schema |
| sys                |
+--------------------+
5 rows in set (0.00 sec)

mysql> use mysql
Reading table information for completion of table and column names
You can turn off this feature to get a quicker startup with -A

Database changed
mysql> show tables;
+------------------------------------------------------+
| Tables_in_mysql                                      |
+------------------------------------------------------+
| columns_priv                                         |
| component                                            |
| db                                                   |
| default_roles                                        |
| engine_cost                                          |
| ...                                                  |
+------------------------------------------------------+
35 rows in set (0.00 sec)

mysql> show grants;
+--------------------------------------------------------------------------------------------------------------------------------------------------------------------------------------------------------------------------------------------------------------------------------------------------------------------------------------------------------------------------------------------------------------------------------------------------------------------------------------------------------------------------------------------------------+
| Grants for root@localhost                                                         |
+--------------------------------------------------------------------------------------------------------------------------------------------------------------------------------------------------------------------------------------------------------------------------------------------------------------------------------------------------------------------------------------------------------------------------------------------------------------------------------------------------------------------------------------------------------+
| GRANT SELECT, INSERT, UPDATE, DELETE, CREATE, DROP, RELOAD, SHUTDOWN, PROCESS, FILE, REFERENCES, INDEX, ALTER, SHOW DATABASES, SUPER, CREATE TEMPORARY TABLES, LOCK TABLES, EXECUTE, REPLICATION SLAVE, REPLICATION CLIENT, CREATE VIEW, SHOW VIEW, CREATE ROUTINE, ALTER ROUTINE, CREATE USER, EVENT, TRIGGER, CREATE TABLESPACE, CREATE ROLE, DROP ROLE ON *.* TO `root`@`localhost` WITH GRANT OPTION                                                         |
| GRANT APPLICATION_PASSWORD_ADMIN,AUDIT_ADMIN,BACKUP_ADMIN,BINLOG_ADMIN,BINLOG_ENCRYPTION_ADMIN,CLONE_ADMIN,CONNECTION_ADMIN,ENCRYPTION_KEY_ADMIN,GROUP_REPLICATION_ADMIN,INNODB_REDO_LOG_ARCHIVE,INNODB_REDO_LOG_ENABLE,PERSIST_RO_VARIABLES_ADMIN,REPLICATION_APPLIER,REPLICATION_SLAVE_ADMIN,RESOURCE_GROUP_ADMIN,RESOURCE_GROUP_USER,ROLE_ADMIN,SERVICE_CONNECTION_ADMIN,SESSION_VARIABLES_ADMIN,SET_USER_ID,SHOW_ROUTINE,SYSTEM_USER,SYSTEM_VARIABLES_ADMIN,TABLE_ENCRYPTION_ADMIN,XA_RECOVER_ADMIN ON *.* TO `root`@`localhost` WITH GRANT OPTION |
| GRANT PROXY ON ''@'' TO 'root'@'localhost' WITH GRANT OPTION                                                         |
+--------------------------------------------------------------------------------------------------------------------------------------------------------------------------------------------------------------------------------------------------------------------------------------------------------------------------------------------------------------------------------------------------------------------------------------------------------------------------------------------------------------------------------------------------------+
3 rows in set (0.00 sec)

mysql> show grants for 'mysql.infoschema'@'localhost';
+-------------------------------------------------------+
| Grants for mysql.infoschema@localhost                 |
+-------------------------------------------------------+
| GRANT SELECT ON *.* TO `mysql.infoschema`@`localhost` |
+-------------------------------------------------------+
1 row in set (0.00 sec)
```


---

***`//End of Article`***

---


# å‚è€ƒæ–‡çŒ®

* [@xiaoer wangåœ¨StackOverflowçš„é—®é¢˜ã€ŠERROR 1449 (HY000): The user specified as a definer ('mysql.infoschema'@'localhost') does not existã€‹ä¸‹çš„å›ç­”ï¼ˆstackoverflow.com/a/65574847/10838083ï¼‰](https://stackoverflow.com/a/65574847/10838083)


![å…¬ä¼—å·äºŒç»´ç ](https://neptliang.github.io/img/Article/WeChatBlog.png)